Hello from Artcode IO!